====================================================
  PiiScanner - 